Creating virtualenv imednet-workspace-9TtSrW0h-py3.12 in /home/jules/.cache/pypoetry/virtualenvs
ImportError while loading conftest '/app/tests/conftest.py'.
tests/conftest.py:10: in <module>
    import pytest_asyncio
E   ModuleNotFoundError: No module named 'pytest_asyncio'
FINISHED
